// Jest Snapshot v1, https://goo.gl/fbAQLP

exports[`App Component Rendering Tests renders to UI as expected 1`] = `
<div
  className="container"
>
  <nav
    className="main__nav"
  >
    <h1>
      SocietyWeb
    </h1>
    <div
      className="main__nav-login"
    >
      <button
        onClick={[Function]}
      >
        Leader Login
      </button>
      <button
        onClick={[Function]}
      >
        Member Login
      </button>
    </div>
  </nav>
  <header
    className="landingpage__header"
  >
    <div
      className="landingpage__header-message"
    >
      <h2>
        Keep Your Team Connected!
      </h2>
      <p>
        Join Society Web...
      </p>
    </div>
    <div
      className="landingpage__header-login"
    >
      <button
        className="memberJoin__btn"
        onClick={[Function]}
      >
        Have an invite code?
      </button>
    </div>
  </header>
  <main>
    <section
      className="newSignup__section"
    >
      <div
        className="newSignup__section-benefits"
      >
        <h3>
          The benefits of Society Web
        </h3>
        <p>
          Lorem ipsum dolor sit amet consectetur, adipisicing elit. Error sed, explicabo molestiae iste consectetur mollitia voluptate voluptatum, est eius modi saepe, ad exercitationem numquam harum quo quasi asperiores repellat incidunt ab fuga sit id sapiente aspernatur similique! Nostrum enim quibusdam voluptatum ea velit odit impedit consequuntur totam adipisci, mollitia eos!
        </p>
      </div>
      <div
        className="newSignup__section-form"
      >
        <h3>
          New Team Signup
        </h3>
        <form
          onSubmit={[Function]}
        >
          <ul
            className="signup__form"
          >
            <li>
              <label
                htmlFor="fullname"
              >
                Full Name:
              </label>
              <input
                id="fullname"
                name="full_name"
                placeholder="name"
                required={true}
                type="text"
              />
            </li>
            <li>
              <label
                htmlFor="username"
              >
                Username:
              </label>
              <input
                id="username"
                name="username"
                placeholder="username"
                required={true}
                type="text"
              />
            </li>
            <li>
              <label
                htmlFor="password"
              >
                Password:
              </label>
              <input
                id="password"
                name="password"
                placeholder="password"
                required={true}
                type="password"
              />
            </li>
            <li>
              <label
                htmlFor="email"
              >
                Email:
              </label>
              <input
                id="email"
                name="email"
                placeholder="email"
                required={true}
                type="text"
              />
            </li>
            <li>
              <label
                htmlFor="phone"
              >
                Phone Number:
              </label>
              <input
                id="phone"
                name="phone"
                placeholder="123-455-0505"
                required={true}
                type="tel"
              />
            </li>
            <li>
              <label
                htmlFor="group_name"
              >
                Team Name
              </label>
              <input
                id="group_name"
                name="group_name"
                placeholder="team name"
                required={true}
                type="text"
              />
            </li>
            <li>
              <button
                type="submit"
              >
                Sign Up
              </button>
            </li>
          </ul>
        </form>
      </div>
    </section>
  </main>
  <footer
    className="main__footer"
  >
    <a
      href="#"
    >
      Twitter Logo Here
    </a>
    <p>
      Â© 2019 SocietyWeb.org
    </p>
  </footer>
</div>
`;
