// Jest Snapshot v1, https://goo.gl/fbAQLP

exports[`Member Login Component Rendering Tests renders to UI as expected 1`] = `
<form
  onSubmit={[Function]}
>
  <ul
    className="memberLogin__form"
  >
    <h3>
      Team Member Login
    </h3>
    <li>
      <label
        htmlFor="username"
      >
        Username:
      </label>
      <input
        id="username"
        name="username"
        placeholder="username"
        required={true}
        type="text"
      />
    </li>
    <li>
      <label
        htmlFor="password"
      >
        Password:
      </label>
      <input
        id="password"
        name="password"
        placeholder="password"
        required={true}
        type="password"
      />
    </li>
    <li>
      <button
        type="submit"
      >
        Login
      </button>
    </li>
    <li>
      <a
        href="#"
        onClick={[Function]}
      >
        Not a member? Click here to join.
      </a>
    </li>
  </ul>
</form>
`;
